// Jest Snapshot v1, https://goo.gl/fbAQLP

exports[`Test of component of Search Test Snapshot 1`] = `ShallowWrapper {}`;
