// Jest Snapshot v1, https://goo.gl/fbAQLP

exports[`Test of component of UserPhotoListing Test Snapshot 1`] = `ShallowWrapper {}`;
