// Jest Snapshot v1, https://goo.gl/fbAQLP

exports[`Test of component of UserLikesPhotos Test Snapshot 1`] = `
ShallowWrapper {
  Symbol(enzyme.__root__): [Circular],
  Symbol(enzyme.__unrendered__): <UserLikesPhotos
    userId="sC-BXbi9ajw"
  />,
  Symbol(enzyme.__renderer__): Object {
    "batchedUpdates": [Function],
    "getNode": [Function],
    "render": [Function],
    "simulateError": [Function],
    "simulateEvent": [Function],
    "unmount": [Function],
  },
  Symbol(enzyme.__node__): Object {
    "instance": null,
    "key": undefined,
    "nodeType": "host",
    "props": Object {
      "children": Array [
        <Spinner />,
        <div>
          <Row
            gutter={0}
            justify="center"
            style={
              Object {
                "margin": "20px 0",
              }
            }
          >
            <Col
              span={24}
            />
          </Row>
          <Row
            gutter={0}
            justify="center"
            style={
              Object {
                "display": "flex",
                "justifyContent": "center",
              }
            }
          >
            <Col
              style={
                Object {
                  "display": "flex",
                  "justifyContent": "center",
                }
              }
            >
              <Pagination
                className="ml-3 mb-5"
                current={1}
                defaultCurrent={1}
                onChange={[Function]}
                prefixCls="ant-pagination"
                selectPrefixCls="ant-select"
                showSizeChanger={true}
                total={10}
              />
            </Col>
          </Row>
        </div>,
      ],
    },
    "ref": null,
    "rendered": Array [
      Object {
        "instance": null,
        "key": undefined,
        "nodeType": "function",
        "props": Object {},
        "ref": null,
        "rendered": null,
        "type": [Function],
      },
      Object {
        "instance": null,
        "key": undefined,
        "nodeType": "host",
        "props": Object {
          "children": Array [
            <Row
              gutter={0}
              justify="center"
              style={
                Object {
                  "margin": "20px 0",
                }
              }
            >
              <Col
                span={24}
              />
            </Row>,
            <Row
              gutter={0}
              justify="center"
              style={
                Object {
                  "display": "flex",
                  "justifyContent": "center",
                }
              }
            >
              <Col
                style={
                  Object {
                    "display": "flex",
                    "justifyContent": "center",
                  }
                }
              >
                <Pagination
                  className="ml-3 mb-5"
                  current={1}
                  defaultCurrent={1}
                  onChange={[Function]}
                  prefixCls="ant-pagination"
                  selectPrefixCls="ant-select"
                  showSizeChanger={true}
                  total={10}
                />
              </Col>
            </Row>,
          ],
        },
        "ref": null,
        "rendered": Array [
          Object {
            "instance": null,
            "key": undefined,
            "nodeType": "class",
            "props": Object {
              "children": <Col
                span={24}
              />,
              "gutter": 0,
              "justify": "center",
              "style": Object {
                "margin": "20px 0",
              },
            },
            "ref": null,
            "rendered": Object {
              "instance": null,
              "key": undefined,
              "nodeType": "class",
              "props": Object {
                "children": false,
                "span": 24,
              },
              "ref": null,
              "rendered": false,
              "type": [Function],
            },
            "type": [Function],
          },
          Object {
            "instance": null,
            "key": undefined,
            "nodeType": "class",
            "props": Object {
              "children": <Col
                style={
                  Object {
                    "display": "flex",
                    "justifyContent": "center",
                  }
                }
              >
                <Pagination
                  className="ml-3 mb-5"
                  current={1}
                  defaultCurrent={1}
                  onChange={[Function]}
                  prefixCls="ant-pagination"
                  selectPrefixCls="ant-select"
                  showSizeChanger={true}
                  total={10}
                />
              </Col>,
              "gutter": 0,
              "justify": "center",
              "style": Object {
                "display": "flex",
                "justifyContent": "center",
              },
            },
            "ref": null,
            "rendered": Object {
              "instance": null,
              "key": undefined,
              "nodeType": "class",
              "props": Object {
                "children": <Pagination
                  className="ml-3 mb-5"
                  current={1}
                  defaultCurrent={1}
                  onChange={[Function]}
                  prefixCls="ant-pagination"
                  selectPrefixCls="ant-select"
                  showSizeChanger={true}
                  total={10}
                />,
                "style": Object {
                  "display": "flex",
                  "justifyContent": "center",
                },
              },
              "ref": null,
              "rendered": Object {
                "instance": null,
                "key": undefined,
                "nodeType": "class",
                "props": Object {
                  "className": "ml-3 mb-5",
                  "current": 1,
                  "defaultCurrent": 1,
                  "onChange": [Function],
                  "prefixCls": "ant-pagination",
                  "selectPrefixCls": "ant-select",
                  "showSizeChanger": true,
                  "total": 10,
                },
                "ref": null,
                "rendered": null,
                "type": [Function],
              },
              "type": [Function],
            },
            "type": [Function],
          },
        ],
        "type": "div",
      },
    ],
    "type": "div",
  },
  Symbol(enzyme.__nodes__): Array [
    Object {
      "instance": null,
      "key": undefined,
      "nodeType": "host",
      "props": Object {
        "children": Array [
          <Spinner />,
          <div>
            <Row
              gutter={0}
              justify="center"
              style={
                Object {
                  "margin": "20px 0",
                }
              }
            >
              <Col
                span={24}
              />
            </Row>
            <Row
              gutter={0}
              justify="center"
              style={
                Object {
                  "display": "flex",
                  "justifyContent": "center",
                }
              }
            >
              <Col
                style={
                  Object {
                    "display": "flex",
                    "justifyContent": "center",
                  }
                }
              >
                <Pagination
                  className="ml-3 mb-5"
                  current={1}
                  defaultCurrent={1}
                  onChange={[Function]}
                  prefixCls="ant-pagination"
                  selectPrefixCls="ant-select"
                  showSizeChanger={true}
                  total={10}
                />
              </Col>
            </Row>
          </div>,
        ],
      },
      "ref": null,
      "rendered": Array [
        Object {
          "instance": null,
          "key": undefined,
          "nodeType": "function",
          "props": Object {},
          "ref": null,
          "rendered": null,
          "type": [Function],
        },
        Object {
          "instance": null,
          "key": undefined,
          "nodeType": "host",
          "props": Object {
            "children": Array [
              <Row
                gutter={0}
                justify="center"
                style={
                  Object {
                    "margin": "20px 0",
                  }
                }
              >
                <Col
                  span={24}
                />
              </Row>,
              <Row
                gutter={0}
                justify="center"
                style={
                  Object {
                    "display": "flex",
                    "justifyContent": "center",
                  }
                }
              >
                <Col
                  style={
                    Object {
                      "display": "flex",
                      "justifyContent": "center",
                    }
                  }
                >
                  <Pagination
                    className="ml-3 mb-5"
                    current={1}
                    defaultCurrent={1}
                    onChange={[Function]}
                    prefixCls="ant-pagination"
                    selectPrefixCls="ant-select"
                    showSizeChanger={true}
                    total={10}
                  />
                </Col>
              </Row>,
            ],
          },
          "ref": null,
          "rendered": Array [
            Object {
              "instance": null,
              "key": undefined,
              "nodeType": "class",
              "props": Object {
                "children": <Col
                  span={24}
                />,
                "gutter": 0,
                "justify": "center",
                "style": Object {
                  "margin": "20px 0",
                },
              },
              "ref": null,
              "rendered": Object {
                "instance": null,
                "key": undefined,
                "nodeType": "class",
                "props": Object {
                  "children": false,
                  "span": 24,
                },
                "ref": null,
                "rendered": false,
                "type": [Function],
              },
              "type": [Function],
            },
            Object {
              "instance": null,
              "key": undefined,
              "nodeType": "class",
              "props": Object {
                "children": <Col
                  style={
                    Object {
                      "display": "flex",
                      "justifyContent": "center",
                    }
                  }
                >
                  <Pagination
                    className="ml-3 mb-5"
                    current={1}
                    defaultCurrent={1}
                    onChange={[Function]}
                    prefixCls="ant-pagination"
                    selectPrefixCls="ant-select"
                    showSizeChanger={true}
                    total={10}
                  />
                </Col>,
                "gutter": 0,
                "justify": "center",
                "style": Object {
                  "display": "flex",
                  "justifyContent": "center",
                },
              },
              "ref": null,
              "rendered": Object {
                "instance": null,
                "key": undefined,
                "nodeType": "class",
                "props": Object {
                  "children": <Pagination
                    className="ml-3 mb-5"
                    current={1}
                    defaultCurrent={1}
                    onChange={[Function]}
                    prefixCls="ant-pagination"
                    selectPrefixCls="ant-select"
                    showSizeChanger={true}
                    total={10}
                  />,
                  "style": Object {
                    "display": "flex",
                    "justifyContent": "center",
                  },
                },
                "ref": null,
                "rendered": Object {
                  "instance": null,
                  "key": undefined,
                  "nodeType": "class",
                  "props": Object {
                    "className": "ml-3 mb-5",
                    "current": 1,
                    "defaultCurrent": 1,
                    "onChange": [Function],
                    "prefixCls": "ant-pagination",
                    "selectPrefixCls": "ant-select",
                    "showSizeChanger": true,
                    "total": 10,
                  },
                  "ref": null,
                  "rendered": null,
                  "type": [Function],
                },
                "type": [Function],
              },
              "type": [Function],
            },
          ],
          "type": "div",
        },
      ],
      "type": "div",
    },
  ],
  Symbol(enzyme.__options__): Object {
    "adapter": ReactSixteenAdapter {
      "options": Object {
        "enableComponentDidUpdateOnSetState": true,
        "lifecycles": Object {
          "componentDidUpdate": Object {
            "onSetState": true,
          },
          "getDerivedStateFromProps": true,
          "getSnapshotBeforeUpdate": true,
          "setState": Object {
            "skipsComponentDidUpdateOnNullish": true,
          },
        },
      },
    },
  },
}
`;
