// Jest Snapshot v1, https://goo.gl/fbAQLP

exports[`Test of component of User Test User snapshot 1`] = `ShallowWrapper {}`;
