// Jest Snapshot v1, https://goo.gl/fbAQLP

exports[`Test of component of UserStatistic Test Snapshot 1`] = `ShallowWrapper {}`;
